# lsf 12.0编译准备工作

## 准备源代码文件包

[http://ftp.lfs-matrix.net/pub/lfs/](http://ftp.lfs-matrix.net/pub/lfs/) (Los Angeles, CA, USA, 200Mbps)

使用上面的镜像网站可以下载包含所有源代码的压缩包（packages文件），这样在构建过程中不用再下载源代码文件。

使用debian12系统作为交叉编译的主系统。为了最大程度上减少损坏主系统的可能，使用虚拟机磁盘文件作为一个新磁盘进行操作。由于安装前的操作基本都要使用root权限，因此直接使用root用户操作，在操作前需要确认命令无误后再执行。

## 准备编译目录及分区

确认主系统有操作虚拟磁盘文件的工具qemu，如果没有，使用下面的命令安装

```text-x-sh
root@debian12:/data/lfs-12.0# apt install --no-install-recommends qemu-system
root@debian12:/data/lfs-12.0# apt install --no-install-recommends qemu-utils
```

创建一个32G的磁盘文件disk1.qcow2

```text-x-sh
root@debian12:/data/lfs-12.0# qemu-img create -f qcow2 /data/lfs-12.0/disk1.qcow2 32G
```

使用nbd方式挂载虚拟磁盘文件

```text-x-sh
root@debian12:/data/lfs-12.0# /sbin/modprobe nbd
root@debian12:/data/lfs-12.0# qemu-nbd --connect=/dev/nbd0 disk1.qcow2
```

对新磁盘文件进行分区

```text-x-sh
root@debian12:/data/lfs-12.0# fdisk /dev/nbd0


Command (m for help): t
Selected partition 1
Partition type or alias (type L to list all): 4
Changed type of partition 'Linux filesystem' to 'BIOS boot'.
Command (m for help): n
Partition number (2-128, default 2):
First sector (4096-67108830, default 4096):
Last sector, +/-sectors or +/-size{K,M,G,T,P} (4096-67108830, default 67106815): +1024M
Created a new partition 2 of type 'Linux filesystem' and of size 1 GiB.
Command (m for help): p
Disk /dev/nbd0: 32 GiB, 34359738368 bytes, 67108864 sectors
Units: sectors of 1 * 512 = 512 bytes
Sector size (logical/physical): 512 bytes / 512 bytes
I/O size (minimum/optimal): 512 bytes / 512 bytes
Disklabel type: gpt
Disk identifier: D26AE699-7077-2949-A6D7-43285DCB842C
Device      Start     End Sectors Size Type
/dev/nbd0p1  2048    4095    2048   1M BIOS boot
/dev/nbd0p2  4096 2101247 2097152   1G Linux filesystem
Command (m for help): n
Partition number (3-128, default 3):
First sector (2101248-67108830, default 2101248):
Last sector, +/-sectors or +/-size{K,M,G,T,P} (2101248-67108830, default 67106815): +2048M
Created a new partition 3 of type 'Linux filesystem' and of size 2 GiB.
Command (m for help): n
Partition number (4-128, default 4):
First sector (6295552-67108830, default 6295552):
Last sector, +/-sectors or +/-size{K,M,G,T,P} (6295552-67108830, default 67106815): +4096M
Created a new partition 4 of type 'Linux filesystem' and of size 4 GiB.
Command (m for help): t
Partition number (1-4, default 4): 4
Partition type or alias (type L to list all): 15
Changed type of partition 'Linux filesystem' to 'IBM General Parallel Fs'.
Command (m for help): t
Partition number (1-4, default 4): 4
Partition type or alias (type L to list all): 19
Changed type of partition 'IBM General Parallel Fs' to 'Linux swap'.
Command (m for help): n
Partition number (5-128, default 5):
First sector (14684160-67108830, default 14684160):
Last sector, +/-sectors or +/-size{K,M,G,T,P} (14684160-67108830, default 67106815): +20480M
Created a new partition 5 of type 'Linux filesystem' and of size 20 GiB.
Command (m for help): p
Disk /dev/nbd0: 32 GiB, 34359738368 bytes, 67108864 sectors
Units: sectors of 1 * 512 = 512 bytes
Sector size (logical/physical): 512 bytes / 512 bytes
I/O size (minimum/optimal): 512 bytes / 512 bytes
Disklabel type: gpt
Disk identifier: D26AE699-7077-2949-A6D7-43285DCB842C
Device         Start      End  Sectors Size Type
/dev/nbd0p1     2048     4095     2048   1M BIOS boot
/dev/nbd0p2     4096  2101247  2097152   1G Linux filesystem
/dev/nbd0p3  2101248  6295551  4194304   2G Linux filesystem
/dev/nbd0p4  6295552 14684159  8388608   4G Linux swap
/dev/nbd0p5 14684160 56627199 41943040  20G Linux filesystem
Command (m for help): n
Partition number (6-128, default 6):
First sector (56627200-67108830, default 56627200):
Last sector, +/-sectors or +/-size{K,M,G,T,P} (56627200-67108830, default 67106815):
Created a new partition 6 of type 'Linux filesystem' and of size 5 GiB.
Command (m for help): t
Partition number (1-6, default 6): 3
Partition type or alias (type L to list all): uefi
Changed type of partition 'Linux filesystem' to 'EFI System'.
Command (m for help): p
Disk /dev/nbd0: 32 GiB, 34359738368 bytes, 67108864 sectors
Units: sectors of 1 * 512 = 512 bytes
Sector size (logical/physical): 512 bytes / 512 bytes
I/O size (minimum/optimal): 512 bytes / 512 bytes
Disklabel type: gpt
Disk identifier: D26AE699-7077-2949-A6D7-43285DCB842C
Device         Start      End  Sectors Size Type
/dev/nbd0p1     2048     4095     2048   1M BIOS boot
/dev/nbd0p2     4096  2101247  2097152   1G Linux filesystem
/dev/nbd0p3  2101248  6295551  4194304   2G EFI System
/dev/nbd0p4  6295552 14684159  8388608   4G Linux swap
/dev/nbd0p5 14684160 56627199 41943040  20G Linux filesystem
/dev/nbd0p6 56627200 67106815 10479616   5G Linux filesystem

Command (m for help): t
Partition number (1-6, default 6): 6
Partition type or alias (type L to list all): home

Changed type of partition 'Linux filesystem' to 'Linux home'.

Command (m for help): w
The partition table has been altered.
Calling ioctl() to re-read partition table.
Syncing disks.
```

在分区nbd0p5上创建ext4文件系统

```text-x-sh
root@debian12:/data/lfs-12.0# /sbin/mkfs.ext4 -v -t ext4 /dev/nbd0p5
mke2fs 1.47.0 (5-Feb-2023)
fs_types for mke2fs.conf resolution: 'ext4'
Discarding device blocks: done
Filesystem label=
OS type: Linux
Block size=4096 (log=2)
Fragment size=4096 (log=2)
Stride=0 blocks, Stripe width=0 blocks
1310720 inodes, 5242880 blocks
262144 blocks (5.00%) reserved for the super user
First data block=0
Maximum filesystem blocks=2153775104
160 block groups
32768 blocks per group, 32768 fragments per group
8192 inodes per group
Filesystem UUID: 91e5c18f-091c-4eef-b761-07f7280159f3
Superblock backups stored on blocks:
       32768, 98304, 163840, 229376, 294912, 819200, 884736, 1605632, 2654208,
       4096000
Allocating group tables: done
Writing inode tables: done
Creating journal (32768 blocks): done
Writing superblocks and filesystem accounting information: done
```

在分区nbd0p4上创建swap分区

```text-x-sh
root@debian12:/data/lfs-12.0# /sbin/mkswap /dev/nbd0p4
Setting up swapspace version 1, size = 4 GiB (4294963200 bytes)
no label, UUID=c25aa3b9-2be8-4df3-a242-68554229c372
```

## 准备主编译系统

检查主系统所有软件包版本是否符合构建要求

```text-x-sh
root@debian12:/data/lfs-12.0# bash version-check.sh
```

根据提示，安装缺少的软件包

```text-x-sh
root@debian12:/data/lfs-12.0# apt install bison gawk gcc g++ m4 make --no-install-recommends
root@debian12:/data/lfs-12.0# apt install texinfo --no-install-recommends
```

debian系统提示sh不是bash的问题解决（ERROR: sh   is NOT Bash）

```text-x-sh
root@debian12:/data/lfs-12.0# rm /bin/sh
root@debian12:/data/lfs-12.0# ln -s /usr/bin/bash /bin/sh
```

原因是debian12的sh链接到了dash，而不是我们编译系统需要使用的bash，可以使用下面的命令查看sh具体连接到了哪个shell解释器

```text-x-sh
rootdebian12:/data/lfs-12.0$ file /bin/sh
/bin/sh: symbolic link to dash
```

## 准备工作目录

建立/mnt/lfs目录，作为构建lfs系统的根目录

```text-x-sh
root@debian12:/data/lfs-12.0# cd /mnt/
root@debian12:/mnt# ls
root@debian12:/mnt# mkdir lfs
root@debian12:/mnt# chown -R lfs:lfs lfs
```

声明LFS变量，使用/mnt/lfs作为工作目录

```text-x-sh
root@debian12:/data/lfs-12.0$ export LFS=/mnt/lfs
```

挂载nbd0p5分区到工作目录/mnt/lfs/

```text-x-sh
root@debian12:/data/lfs-12.0#  mount -v -t ext4 /dev/nbd0p5 /mnt/lfs/
mount: /dev/nbd0p5 mounted on /mnt/lfs.

root@debian12:/data/lfs-12.0#  mount -v -t ext4 /dev/nbd0p6 /mnt/lfs/home/
mount: /mnt/lfs/home: wrong fs type, bad option, bad superblock on /dev/nbd0p6, missing codepage or helper program, or other error.
      dmesg(1) may have more information after failed mount system call.
root@debian12:/data/lfs-12.0# /sbin/mkfs.ext4 -v /dev/nbd0p6
mke2fs 1.47.0 (5-Feb-2023)
fs_types for mke2fs.conf resolution: 'ext4'
Discarding device blocks: done
Filesystem label=
OS type: Linux
Block size=4096 (log=2)
Fragment size=4096 (log=2)
Stride=0 blocks, Stripe width=0 blocks
327680 inodes, 1309952 blocks
65497 blocks (5.00%) reserved for the super user
First data block=0
Maximum filesystem blocks=1342177280
40 block groups
32768 blocks per group, 32768 fragments per group
8192 inodes per group
Filesystem UUID: 1e6b2dbe-4e2c-41c4-9ae1-ab71ed868ba4
Superblock backups stored on blocks:
       32768, 98304, 163840, 229376, 294912, 819200, 884736
Allocating group tables: done
Writing inode tables: done
Creating journal (16384 blocks): done
Writing superblocks and filesystem accounting information: done
root@debian12:/data/lfs-12.0#  mount -v -t ext4 /dev/nbd0p6 /mnt/lfs/home/
mount: /dev/nbd0p6 mounted on /mnt/lfs/home.
```

创建home目录

```text-x-sh
root@debian12:/data/lfs-12.0# mkdir -v /mnt/lfs/home
mkdir: created directory '/mnt/lfs/home'
root@debian12:/data/lfs-12.0# chown -R lfs:lfs /mnt/lfs/home/
```

挂载nbd0p6分区到home目录，nbd0p6没有创建文件系统，导致挂载失败，在nbd0p6分区创建ext4文件系统后，挂载到/mnt/lfs/home目录

```text-x-sh
root@debian12:/data/lfs-12.0#  mount -v -t ext4 /dev/nbd0p6 /mnt/lfs/home/
mount: /mnt/lfs/home: wrong fs type, bad option, bad superblock on /dev/nbd0p6, missing codepage or helper program, or other error.
      dmesg(1) may have more information after failed mount system call.
root@debian12:/data/lfs-12.0# /sbin/mkfs.ext4 -v /dev/nbd0p6
mke2fs 1.47.0 (5-Feb-2023)
fs_types for mke2fs.conf resolution: 'ext4'
Discarding device blocks: done
Filesystem label=
OS type: Linux
Block size=4096 (log=2)
Fragment size=4096 (log=2)
Stride=0 blocks, Stripe width=0 blocks
327680 inodes, 1309952 blocks
65497 blocks (5.00%) reserved for the super user
First data block=0
Maximum filesystem blocks=1342177280
40 block groups
32768 blocks per group, 32768 fragments per group
8192 inodes per group
Filesystem UUID: 1e6b2dbe-4e2c-41c4-9ae1-ab71ed868ba4
Superblock backups stored on blocks:
       32768, 98304, 163840, 229376, 294912, 819200, 884736
Allocating group tables: done
Writing inode tables: done
Creating journal (16384 blocks): done
Writing superblocks and filesystem accounting information: done
root@debian12:/data/lfs-12.0#  mount -v -t ext4 /dev/nbd0p6 /mnt/lfs/home/
mount: /dev/nbd0p6 mounted on /mnt/lfs/home.
```

打开nbd0p4上的swap分区

```text-x-sh
root@debian12:/data/lfs-12.0# /sbin/swapon -v /dev/nbd0p4
swapon: /dev/nbd0p4: found signature [pagesize=4096, signature=swap]
swapon: /dev/nbd0p4: pagesize=4096, swapsize=4294967296, devsize=4294967296
swapon /dev/nbd0p4
```

## 准备源代码目录

创建sources目录，存放所有的源代码文件包

```text-x-sh
root@debian12:/data/lfs-12.0$ mkdir -v $LFS/sources
mkdir: created directory '/mnt/lfs/sources'
root@debian12:/data/lfs-12.0$ chmod -v a+wt $LFS/sources
mode of '/mnt/lfs/sources' changed from 0755 (rwxr-xr-x) to 1777 (rwxrwxrwt)
```

## 准备编译完成的目标系统根目录

创建根文件系统下的基本目录结构

```text-x-sh
root@debian12:/mnt/lfs/sources/12.0# mkdir -pv $LFS/{etc,var} $LFS/usr/{bin,lib,sbin}
r i in bin lib sbin; do
 ln -sv usr/$i $LFS/$i
done
case $(unamkdir: created directory '/mnt/lfs/etc'
mkdir: created directory '/mnt/lfs/var'
mkdir: created directory '/mnt/lfs/usr'
mkdir: created directory '/mnt/lfs/usr/bin'
mkdir: created directory '/mnt/lfs/usr/lib'
me -m) mkdir: created directory '/mnt/lfs/usr/sbin'
in
 x86root@debian12:/mnt/lfs/sources/12.0#
root@debian12:/mnt/lfs/sources/12.0# for i in bin lib sbin; do
>   ln -sv usr/$i $LFS/$i
> done
kdir -pv $LFS/lib64 ;;
esac'/mnt/lfs/bin' -> 'usr/bin'
'/mnt/lfs/lib' -> 'usr/lib'
'/mnt/lfs/sbin' -> 'usr/sbin'
root@debian12:/mnt/lfs/sources/12.0#
root@debian12:/mnt/lfs/sources/12.0# case $(uname -m) in
>   x86_64) mkdir -pv $LFS/lib64 ;;
> esac
mkdir: created directory '/mnt/lfs/lib64'
```

创建tools目录，保存第一编编译完成的交叉编译工具

```text-x-sh
root@debian12:/mnt/lfs/sources/12.0# mkdir -pv $LFS/tools
```

## 创建安装过程中使用的非root用户lfs

编译指南中创建了用户lfs，用来进行后续的编译和安装工作，我们为了简化，直接使用已存在的utms用户进行后续的编译安装工作，使用下面的命令修改各个目录的所有者为utms，完成编译工作后，发现这个步骤是不需要的

```text-x-sh
root@debian12:/mnt/lfs/sources/12.0# chown -v lfs $LFS/{usr{,/*},lib,var,etc,bin,sbin,tools}
changed ownership of '/mnt/lfs/usr' from root to lfs
changed ownership of '/mnt/lfs/usr/bin' from root to lfs
changed ownership of '/mnt/lfs/usr/lib' from root to lfs
changed ownership of '/mnt/lfs/usr/sbin' from root to lfs
ownership of '/mnt/lfs/lib' retained as lfs
changed ownership of '/mnt/lfs/var' from root to lfs
changed ownership of '/mnt/lfs/etc' from root to lfs
ownership of '/mnt/lfs/bin' retained as lfs
ownership of '/mnt/lfs/sbin' retained as lfs
changed ownership of '/mnt/lfs/tools' from root to lfs

root@debian12:/mnt/lfs/sources/12.0# case $(uname -m) in
>   x86_64) chown -v lfs $LFS/lib64 ;;
> esac
changed ownership of '/mnt/lfs/lib64' from root to lfs
```

## 准备shell环境

根据编译指南修改bash环境变量

```text-x-sh
lfs@debian12:~$ nano .bash_profile
lfs@debian12:~$ source .bash_profile
lfs@debian12:~$ nano ~/.bashrc
lfs@debian12:~$ source ~/.bashrc
```
